
> 02app@0.1.0 build
> next build

node.exe : [baseline-br
owser-mapping] The 
data in this module is 
over two months old.  
To ensure accurate 
Baseline data, please 
update: `npm i baseline
-browser-mapping@latest
 -D`
At line:1 char:1
+ & "C:\Program 
Files\nodejs/node.exe" 
"C:\Users\shuva\AppData
\Roaming\ ...
+ ~~~~~~~~~~~~~~~~~~~~~
~~~~~~~~~~~~~~~~~~~~~~~
~~~~~~~~~~~~~~~~~~~~~~~
~~
    + CategoryInfo     
         : NotSpecifi  
  ed: ([baseline-bro   
 ws...ping@latest -    
D`:String) [], Rem    
oteException
    + FullyQualifiedEr 
   rorId : NativeComm  
  andError
 
 ΓÜá Warning: Next.js 
inferred your 
workspace root, but it 
may not be correct.
 We detected multiple 
lockfiles and selected 
the directory of 
C:\New 
folder\Desktop\Common F
iles\package-lock.json 
as the root directory.
 To silence this 
warning, set 
`turbopack.root` in 
your Next.js config, 
or consider removing 
one of the lockfiles 
if it's not needed.
   See https://nextjs.o
rg/docs/app/api-referen
ce/config/next-config-j
s/turbopack#root-direct
ory for more 
information.
 Detected additional 
lockfiles: 
   * C:\New 
folder\Desktop\Common 
Files\decentralized 
voting system\my-app\pa
ckage-lock.json

   Γû▓ Next.js 16.0.10 (Turbopack)
   - Environments: .env

   Creating an optimized production build ...
[baseline-browser-mappi
ng] The data in this 
module is over two 
months old.  To ensure 
accurate Baseline 
data, please update: 
`npm i baseline-browser
-mapping@latest -D`

> Build error occurred
Error: Turbopack build 
failed with 1 errors:
./decentralized voting 
system/my-app/src/app/l
ogin/page.tsx:7:1
Module not found: 
Can't resolve '../compo
nents/GoogleLogin'
[0m [90m  5 |[39m 
[36mimport[39m { 
toast } [36mfrom[39m 
[32m"react-hot-toast"
[39m[33m;[39m
 [90m  6 |[39m 
[36mimport[39m { [33
mConnectionStates[39m 
} [36mfrom[39m [32m"
mongoose"[39m[33m;[3
9m
[31m[1m>[22m[39m[9
0m  7 |[39m 
[36mimport[39m 
[33mGoogleLogin[39m 
[36mfrom[39m [32m"..
/components/GoogleLogin
"[39m[33m;[39m
 [90m    |[39m [31m
[1m^[22m[39m[31m[1m
^[22m[39m[31m[1m^[
22m[39m[31m[1m^[22m
[39m[31m[1m^[22m[3
9m[31m[1m^[22m[39m
[31m[1m^[22m[39m[31
m[1m^[22m[39m[31m[
1m^[22m[39m[31m[1m^
[22m[39m[31m[1m^[2
2m[39m[31m[1m^[22m
[39m[31m[1m^[22m[39
m[31m[1m^[22m[39m[
31m[1m^[22m[39m[31m
[1m^[22m[39m[31m[1
m^[22m[39m[31m[1m^
[22m[39m[31m[1m^[22
m[39m[31m[1m^[22m[
39m[31m[1m^[22m[39m
[31m[1m^[22m[39m[3
1m[1m^[22m[39m[31m
[1m^[22m[39m[31m[1m
^[22m[39m[31m[1m^[
22m[39m[31m[1m^[22m
[39m[31m[1m^[22m[3
9m[31m[1m^[22m[39m
[31m[1m^[22m[39m[31
m[1m^[22m[39m[31m[
1m^[22m[39m[31m[1m^
[22m[39m[31m[1m^[2
2m[39m[31m[1m^[22m
[39m[31m[1m^[22m[39
m[31m[1m^[22m[39m[
31m[1m^[22m[39m[31m
[1m^[22m[39m[31m[1
m^[22m[39m[31m[1m^
[22m[39m[31m[1m^[22
m[39m[31m[1m^[22m[
39m[31m[1m^[22m[39m
[31m[1m^[22m[39m[3
1m[1m^[22m[39m[31m
[1m^[22m[39m[31m[1m
^[22m[39m[31m[1m^[
22m[39m[31m[1m^[22m
[39m[31m[1m^[22m[3
9m[31m[1m^[22m[39m
 [90m  8 |[39m
 [90m  9 |[39m 
[36mexport[39m 
[36mdefault[39m 
[36mfunction[39m 
[33mLogin[39m() {
 [90m 10 |[39m     
[36mconst[39m 
[user[33m,[39m 
setUser] [33m=[39m [
33mReact[39m[33m.[39
museState({[0m



Import traces:
  Client Component 
Browser:
    ./decentralized 
voting system/my-app/sr
c/app/login/page.tsx 
[Client Component 
Browser]
    ./decentralized 
voting system/my-app/sr
c/app/login/page.tsx 
[Server Component]

  Client Component SSR:
    ./decentralized 
voting system/my-app/sr
c/app/login/page.tsx 
[Client Component SSR]
    ./decentralized 
voting system/my-app/sr
c/app/login/page.tsx 
[Server Component]

https://nextjs.org/docs
/messages/module-not-fo
und


    at <unknown> 
(./decentralized 
voting system/my-app/sr
c/app/login/page.tsx:7:
1)
    at <unknown> (https
://nextjs.org/docs/mess
ages/module-not-found)
